[2026-07-29 09:52:52] [FAILURE] Type: welcome | To: test_welcome@example.com | Details: FAILURE: Error occurred: Invalid login: 535-5.7.8 Username and Password not accepted. For more information, go to
535 5.7.8  https://support.google.com/mail/?p=BadCredentials 5a478bee46e88-31504b10cdcsm5196681eec.3 - gsmtp
[2026-07-29 09:52:52] [FAILURE] Type: feedback_thanks | To: test_feedback@example.com | Details: FAILURE: Error occurred: Invalid login: 535-5.7.8 Username and Password not accepted. For more information, go to
535 5.7.8  https://support.google.com/mail/?p=BadCredentials a92af1059eb24-13e7263cfd9sm6670101c88.4 - gsmtp
[2026-07-29 10:04:20] [FAILURE] Type: welcome | To: test_welcome@example.com | Details: SMTP error occurred: (535, b'5.7.8 Username and Password not accepted. For more information, go to\n5.7.8  https://support.google.com/mail/?p=BadCredentials 5a478bee46e88-31504d37368sm8260362eec.22 - gsmtp')
[2026-07-29 10:04:20] [FAILURE] Type: feedback_thanks | To: test_feedback@example.com | Details: SMTP error occurred: (535, b'5.7.8 Username and Password not accepted. For more information, go to\n5.7.8  https://support.google.com/mail/?p=BadCredentials 5a478bee46e88-31504927a7bsm5484686eec.0 - gsmtp')
[2026-07-29 10:07:12] [FAILURE] Type: feedback_thanks | To: vrushtipatel545@gmail.com | Details: SMTP error occurred: (530, b'5.7.0 Authentication Required. For more information, go to\n5.7.0  https://support.google.com/accounts/troubleshooter/2402620. 5a478bee46e88-31504baa01dsm5221326eec.12 - gsmtp', 'HungryHub <info@hungryhub.com>')
[2026-07-29 17:18:46] [SUCCESS] Type: welcome | To: vrushtipatel545@gmail.com | Details: Sent successfully via sync test
[2026-07-29 17:51:40] [SUCCESS] Type: login_notification | To: vrushtipatel545@gmail.com | Details: Sent successfully via SMTP (Subject: New Login Detected on Your HungryHub Gourmet Account)
[2026-07-29 17:53:24] [SUCCESS] Type: welcome | To: vrutichapadia10@gmail.com | Details: Sent successfully via SMTP (Subject: Welcome to HungryHub, vruti!)
[2026-07-29 17:54:10] [SUCCESS] Type: login_notification | To: vrushtipatel545@gmail.com | Details: Sent successfully via SMTP (Subject: New Login Detected on Your HungryHub Gourmet Account)
[2026-07-29 17:54:50] [SUCCESS] Type: login_notification | To: vrutichapadia10@gmail.com | Details: Sent successfully via SMTP (Subject: New Login Detected on Your HungryHub Gourmet Account)
[2026-07-29 18:12:33] [SUCCESS] Type: login_notification | To: vrushtipatel545@gmail.com | Details: Sent successfully via SMTP (Subject: New Login Detected on Your HungryHub Gourmet Account | From: HungryHub <vrushtipatel545@gmail.com>)
[2026-07-29 18:12:39] [SUCCESS] Type: login_notification | To: vrushtipatel545@gmail.com | Details: Sent successfully via SMTP (Subject: New Login Detected on Your HungryHub Gourmet Account | From: HungryHub <custom-sender@example.com>)
[2026-07-29 18:14:21] [SUCCESS] Type: login_notification | To: vrutichapadia10@gmail.com | Details: Sent successfully via SMTP (Subject: New Login Detected on Your HungryHub Gourmet Account | From: HungryHub <vrutichapadia10@gmail.com>)
[2026-07-29 18:18:32] [FAILURE] Type: welcome | To: [EMAIL_ADDRESS] | Details: Invalid recipient email address: [EMAIL_ADDRESS]
[2026-07-29 18:18:32] [FAILURE] Type: login_notification | To: [EMAIL_ADDRESS] | Details: Invalid recipient email address: [EMAIL_ADDRESS]
[2026-07-29 22:12:21] [FAILURE] Type: login_notification | To: vrutichapadia10@gmail.com | Details: SMTP error occurred: [Errno 11001] getaddrinfo failed
[2026-07-29 22:26:21] [SUCCESS] Type: login_notification | To: vrushtipatel545@gmail.com | Details: Sent successfully via SMTP (Subject: New Login Detected on Your HungryHub Gourmet Account | From: HungryHub <vrushtipatel545@gmail.com>)
[2026-07-29 22:26:59] [SUCCESS] Type: login_notification | To: vrutichapadia10@gmail.com | Details: Sent successfully via SMTP (Subject: New Login Detected on Your HungryHub Gourmet Account | From: HungryHub <vrutichapadia10@gmail.com>)
[2026-07-29 22:27:38] [SUCCESS] Type: login_notification | To: admin@hungryhub.com | Details: Sent successfully via SMTP (Subject: New Login Detected on Your HungryHub Gourmet Account | From: HungryHub <admin@hungryhub.com>)
[2026-07-30 11:12:09] [FAILURE] Invalid email address: abc
[2026-07-30 11:13:31] [FAILURE] Invalid email address: abc
[2026-07-30 11:13:36] [SUCCESS] Test email sent to customer@hungryhub.com

[2026-07-30 11:13:36] [SUCCESS] Welcome email sent to customer@hungryhub.com
[2026-07-30 11:15:14] [FAILURE] Invalid email address: abc
[2026-07-30 11:15:18] [SUCCESS] Welcome email sent to customer@hungryhub.com
[2026-07-30 11:15:19] [SUCCESS] Login email sent to customer@hungryhub.com
[2026-07-30 11:15:19] [SUCCESS] Test email sent to customer@hungryhub.com
[2026-07-30 11:17:51] [SUCCESS] Login email sent to vrutichapadia10@gmail.com
[2026-07-30 11:25:45] [FAILURE] Invalid email address: abc
[2026-07-30 11:25:56] [SUCCESS] Test email sent to customer@hungryhub.com | Subject: HungryHub SMTP Connection Test | Message-ID: <178539094506.2692.12666275451482403615@vrushtipatel> | SMTP Code: 250 | SMTP Msg: 2.0.0 OK
[2026-07-30 11:25:56] [SUCCESS] Login email sent to customer@hungryhub.com | Subject: New Login Detected on Your HungryHub Gourmet Account | Message-ID: <178539094514.2692.16440372384210770850@vrushtipatel> | SMTP Code: 250 | SMTP Msg: 2.0.0 OK
[2026-07-30 11:25:57] [SUCCESS] Welcome email sent to customer@hungryhub.com | Subject: Welcome to HungryHub, Vrushti Patel! | Message-ID: <178539094513.2692.5762284118089541117@vrushtipatel> | SMTP Code: 354 | SMTP Msg: Go ahead a92af1059eb24-13e7262b8bbsm14201025c88.3 - gsmtp
[2026-07-30 11:28:45] [FAILURE] Invalid email address: abc
[2026-07-30 11:28:49] [SUCCESS] Test email sent to customer@hungryhub.com | Subject: HungryHub SMTP Connection Test | Message-ID: <178539112531.17192.750737212864919671@vrushtipatel> | SMTP Code: 250 | SMTP Msg: 2.0.0 OK  1785391129 5a478bee46e88-31504dd42a9sm20231317eec.30 - gsmtp
[2026-07-30 11:28:50] [SUCCESS] Login email sent to customer@hungryhub.com | Subject: New Login Detected on Your HungryHub Gourmet Account | Message-ID: <178539112539.17192.13418672596041917202@vrushtipatel> | SMTP Code: 250 | SMTP Msg: 2.0.0 OK  1785391129 5a478bee46e88-31504b15f77sm18334661eec.4 - gsmtp
[2026-07-30 11:28:51] [SUCCESS] Welcome email sent to customer@hungryhub.com | Subject: Welcome to HungryHub, Vrushti Patel! | Message-ID: <178539112538.17192.5344385476928732507@vrushtipatel> | SMTP Code: 250 | SMTP Msg: 2.0.0 OK  1785391130 a92af1059eb24-13e7273cd9esm17252291c88.13 - gsmtp
[2026-07-30 11:30:40] [SUCCESS] Login email sent to vrutichapadia10@gmail.com | Subject: New Login Detected on Your HungryHub Gourmet Account | Message-ID: <178539123426.15832.8037546291245990602@vrushtipatel> | SMTP Code: 250 | SMTP Msg: 2.0.0 OK  1785391239 a92af1059eb24-13e7262b8bbsm14252398c88.3 - gsmtp
[2026-07-30 11:31:35] [SUCCESS] Welcome email sent to dhruvghevariya2007@gmail.com | Subject: Welcome to HungryHub, dhruv! | Message-ID: <178539129099.15832.12597794894294219994@vrushtipatel> | SMTP Code: 250 | SMTP Msg: 2.0.0 OK  1785391295 5a478bee46e88-31504d37368sm30495146eec.22 - gsmtp
[2026-07-30 11:32:13] [SUCCESS] Login email sent to dhruvghevariya2007@gmail.com | Subject: New Login Detected on Your HungryHub Gourmet Account | Message-ID: <178539132768.15832.13738687386040063985@vrushtipatel> | SMTP Code: 250 | SMTP Msg: 2.0.0 OK  1785391332 a92af1059eb24-13e7263cfd9sm24186700c88.4 - gsmtp
[2026-07-30 11:33:12] [SUCCESS] Login email sent to vrushtipatel545@gmail.com | Subject: New Login Detected on Your HungryHub Gourmet Account | Message-ID: <178539138730.15832.18249726459627924687@vrushtipatel> | SMTP Code: 250 | SMTP Msg: 2.0.0 OK  1785391391 a92af1059eb24-13e7263cfd9sm24204956c88.4 - gsmtp
[2026-07-30 11:37:29] [SUCCESS] Login email sent to dhruvghevariya2007@gmail.com | Subject: New Login Detected on Your HungryHub Gourmet Account | Message-ID: <178539164449.21356.8559484802130887529@vrushtipatel> | SMTP Code: 250 | SMTP Msg: 2.0.0 OK  1785391648 5a478bee46e88-31504dab154sm18871875eec.26 - gsmtp
[2026-07-30 11:40:53] [SUCCESS] Welcome email sent to vruti607@gmail.com | Subject: Welcome to HungryHub, vruti1! | Message-ID: <178539184688.21356.4749375954305132590@vrushtipatel> | SMTP Code: 250 | SMTP Msg: 2.0.0 OK  1785391852 a92af1059eb24-13e72643a12sm25746876c88.5 - gsmtp
[2026-07-30 11:42:09] [SUCCESS] Login email sent to vruti607@gmail.com | Subject: New Login Detected on Your HungryHub Gourmet Account | Message-ID: <178539192263.21356.13391923572415700912@vrushtipatel> | SMTP Code: 250 | SMTP Msg: 2.0.0 OK  1785391928 a92af1059eb24-13e7271f010sm19433705c88.9 - gsmtp
[2026-07-30 11:44:05] [FAILURE] SMTP Error: Connection unexpectedly closed: [WinError 10053] An established connection was aborted by the software in your host machine
[2026-07-30 20:31:23] [FAILURE] Invalid email address: abc
[2026-07-30 20:31:32] [SUCCESS] New menu launch email sent to customer@hungryhub.com | Subject: ✨ Introducing 8 New Gourmet 100% Veg Specialties at HungryHub! | Message-ID: <178542368366.2968.6707715842763053886@vrushtipatel.lan> | SMTP Code: 250 | SMTP Msg: 2.0.0 OK  1785423691 a92af1059eb24-13e7262bc27sm28794241c88.2 - gsmtp
[2026-07-30 20:31:32] [FAILURE] SMTP Error: 'charmap' codec can't encode character '\u2728' in position 84: character maps to <undefined>
[2026-07-30 20:33:06] [FAILURE] Invalid email address: abc
[2026-07-30 20:33:12] [SUCCESS] New menu launch email sent to customer@hungryhub.com | Subject: ✨ Introducing 8 New Gourmet 100% Veg Specialties at HungryHub! | Message-ID: <178542378693.5280.13637702020334299295@vrushtipatel.lan> | SMTP Code: 250 | SMTP Msg: 2.0.0 OK  1785423791 5a478bee46e88-31504bb29b2sm21612147eec.13 - gsmtp
[2026-07-30 20:41:43] [SUCCESS] New menu launch email sent to dhruvghevariya2007@gmail.com | Subject: ✨ Introducing 8 New Gourmet 100% Veg Specialties at HungryHub! | Message-ID: <178542429611.19888.7835578641446062546@vrushtipatel.lan> | SMTP Code: 250 | SMTP Msg: 2.0.0 OK  1785424302 5a478bee46e88-31504cc63fesm20521951eec.15 - gsmtp
[2026-07-30 20:41:44] [SUCCESS] New menu launch email sent to vrutichapadia10@gmail.com | Subject: ✨ Introducing 8 New Gourmet 100% Veg Specialties at HungryHub! | Message-ID: <178542429611.19888.10838524733979871875@vrushtipatel.lan> | SMTP Code: 250 | SMTP Msg: 2.0.0 OK  1785424302 5a478bee46e88-31504e1ff81sm23123102eec.31 - gsmtp
[2026-07-30 20:41:44] [SUCCESS] New menu launch email sent to nandani@gmail.com | Subject: ✨ Introducing 8 New Gourmet 100% Veg Specialties at HungryHub! | Message-ID: <178542429609.19888.11846095379492121060@vrushtipatel.lan> | SMTP Code: 250 | SMTP Msg: 2.0.0 OK  1785424302 5a478bee46e88-31504baa01dsm23986810eec.12 - gsmtp
[2026-07-30 20:41:44] [SUCCESS] New menu launch email sent to customer@hungryhub.com | Subject: ✨ Introducing 8 New Gourmet 100% Veg Specialties at HungryHub! | Message-ID: <178542429609.19888.15447317373792257522@vrushtipatel.lan> | SMTP Code: 250 | SMTP Msg: 2.0.0 OK  1785424303 a92af1059eb24-13e7271f0ddsm21559881c88.11 - gsmtp
[2026-07-30 20:41:45] [SUCCESS] New menu launch email sent to vruti607@gmail.com | Subject: ✨ Introducing 8 New Gourmet 100% Veg Specialties at HungryHub! | Message-ID: <178542429612.19888.2193159223908002949@vrushtipatel.lan> | SMTP Code: 250 | SMTP Msg: 2.0.0 OK  1785424303 5a478bee46e88-31504cc63f3sm20833286eec.16 - gsmtp
[2026-07-30 20:41:45] [SUCCESS] New menu launch email sent to mahiprajapati705@gmail.com | Subject: ✨ Introducing 8 New Gourmet 100% Veg Specialties at HungryHub! | Message-ID: <178542429610.19888.12965081984009616838@vrushtipatel.lan> | SMTP Code: 250 | SMTP Msg: 2.0.0 OK  1785424304 5a478bee46e88-31504b88e12sm22647082eec.11 - gsmtp
[2026-07-30 20:41:46] [SUCCESS] New menu launch email sent to vrushtipatel545@gmail.com | Subject: ✨ Introducing 8 New Gourmet 100% Veg Specialties at HungryHub! | Message-ID: <178542429610.19888.10806129526914097309@vrushtipatel.lan> | SMTP Code: 250 | SMTP Msg: 2.0.0 OK  1785424304 a92af1059eb24-13e7273cd9esm22831084c88.13 - gsmtp
[2026-07-30 20:41:46] [SUCCESS] New menu launch email sent to vrunda@gmail.com | Subject: ✨ Introducing 8 New Gourmet 100% Veg Specialties at HungryHub! | Message-ID: <178542429610.19888.15257047197734351366@vrushtipatel.lan> | SMTP Code: 250 | SMTP Msg: 2.0.0 OK  1785424304 5a478bee46e88-31504dab154sm24635916eec.26 - gsmtp
[2026-07-30 20:44:15] [SUCCESS] New menu launch email sent to customer@hungryhub.com | Subject: ✨ Introducing 8 New Gourmet 100% Veg Specialties at HungryHub! | Message-ID: <178542444998.19888.9390586990535310806@vrushtipatel.lan> | SMTP Code: 250 | SMTP Msg: 2.0.0 OK  1785424454 5a478bee46e88-31504db2c4csm22085877eec.28 - gsmtp
[2026-07-30 20:44:16] [SUCCESS] New menu launch email sent to vrunda@gmail.com | Subject: ✨ Introducing 8 New Gourmet 100% Veg Specialties at HungryHub! | Message-ID: <178542444998.19888.7559735784374215178@vrushtipatel.lan> | SMTP Code: 250 | SMTP Msg: 2.0.0 OK  1785424455 a92af1059eb24-13e7271f0ddsm21570782c88.11 - gsmtp
[2026-07-30 20:44:17] [SUCCESS] New menu launch email sent to dhruvghevariya2007@gmail.com | Subject: ✨ Introducing 8 New Gourmet 100% Veg Specialties at HungryHub! | Message-ID: <178542445000.19888.6815370146339465719@vrushtipatel.lan> | SMTP Code: 250 | SMTP Msg: 2.0.0 OK  1785424456 a92af1059eb24-13e7265010esm22934066c88.6 - gsmtp
[2026-07-30 20:44:17] [SUCCESS] New menu launch email sent to vruti607@gmail.com | Subject: ✨ Introducing 8 New Gourmet 100% Veg Specialties at HungryHub! | Message-ID: <178542445000.19888.17797879215412341227@vrushtipatel.lan> | SMTP Code: 250 | SMTP Msg: 2.0.0 OK  1785424456 5a478bee46e88-31504d480c5sm36693058eec.25 - gsmtp
[2026-07-30 20:44:18] [SUCCESS] New menu launch email sent to nandani@gmail.com | Subject: ✨ Introducing 8 New Gourmet 100% Veg Specialties at HungryHub! | Message-ID: <178542444998.19888.8350353412638323992@vrushtipatel.lan> | SMTP Code: 250 | SMTP Msg: 2.0.0 OK  1785424457 5a478bee46e88-31504927a7bsm24219783eec.0 - gsmtp
[2026-07-30 20:44:19] [SUCCESS] New menu launch email sent to mahiprajapati705@gmail.com | Subject: ✨ Introducing 8 New Gourmet 100% Veg Specialties at HungryHub! | Message-ID: <178542444999.19888.7110621517211354532@vrushtipatel.lan> | SMTP Code: 250 | SMTP Msg: 2.0.0 OK  1785424457 5a478bee46e88-31504b15f77sm24110458eec.4 - gsmtp
[2026-07-30 20:44:19] [SUCCESS] New menu launch email sent to vrutichapadia10@gmail.com | Subject: ✨ Introducing 8 New Gourmet 100% Veg Specialties at HungryHub! | Message-ID: <178542445000.19888.813052386005697814@vrushtipatel.lan> | SMTP Code: 250 | SMTP Msg: 2.0.0 OK  1785424458 5a478bee46e88-31504cc6936sm21242833eec.17 - gsmtp
[2026-07-30 20:44:19] [SUCCESS] New menu launch email sent to vrushtipatel545@gmail.com | Subject: ✨ Introducing 8 New Gourmet 100% Veg Specialties at HungryHub! | Message-ID: <178542444999.19888.3771440837083088344@vrushtipatel.lan> | SMTP Code: 250 | SMTP Msg: 2.0.0 OK  1785424458 a92af1059eb24-13e7273cd9esm22843291c88.13 - gsmtp
[2026-07-30 23:29:24] [SUCCESS] Booking confirmation email sent to customer@hungryhub.com | Subject: Fine Dining Seating Confirmation - BKTEST_FD_01 | HungryHub
[2026-07-30 23:29:25] [SUCCESS] Booking confirmation email sent to customer@hungryhub.com | Subject: Booking Confirmation - BKTEST54321 | HungryHub
[2026-07-30 23:29:26] [SUCCESS] Booking confirmation email sent to customer@hungryhub.com | Subject: Booking Confirmation - BKTEST12345 | HungryHub
[2026-07-30 23:30:59] [SUCCESS] Booking confirmation email sent to vrushtipatel545@gmail.com | Subject: Fine Dining Seating Confirmation - BK202607309986 | HungryHub
[2026-07-30 23:33:03] [SUCCESS] Booking confirmation email sent to vrutichapadia10@gmail.com | Subject: Fine Dining Seating Confirmation - BK202607301306 | HungryHub
[2026-07-30 23:37:05] [SUCCESS] Booking confirmation email sent to customer@hungryhub.com | Subject: Fine Dining Seating Confirmation - BKTEST_FD_01 | HungryHub
[2026-07-30 23:37:06] [SUCCESS] Booking confirmation email sent to customer@hungryhub.com | Subject: Booking Confirmation - BKTEST54321 | HungryHub
[2026-07-30 23:37:07] [SUCCESS] Booking confirmation email sent to customer@hungryhub.com | Subject: Booking Confirmation - BKTEST12345 | HungryHub
[2026-07-30 23:43:12] [FAILURE] SMTP Error: column reservations_package.image does not exist
LINE 1: ..."inclusions", "reservations_package"."is_active", "reservati...
                                                             ^

[2026-07-30 23:49:19] [SUCCESS] Booking confirmation email sent to vrushtipatel545@gmail.com | Subject: Booking Confirmation - BK202607303295 | HungryHub
[2026-07-30 23:50:09] [SUCCESS] Booking confirmation email sent to vrutichapadia10@gmail.com | Subject: Fine Dining Seating Confirmation - BK202607301306 | HungryHub
[2026-07-31 00:00:15] [SUCCESS] Booking confirmation email sent to customer@hungryhub.com | Subject: Fine Dining Seating Confirmation - BKTEST_FD_01 | HungryHub
[2026-07-31 00:00:18] [SUCCESS] Booking confirmation email sent to customer@hungryhub.com | Subject: Booking Confirmation - BKTEST54321 | HungryHub
[2026-07-31 00:00:19] [SUCCESS] Booking confirmation email sent to customer@hungryhub.com | Subject: Booking Confirmation - BKTEST12345 | HungryHub
[2026-07-31 09:03:06] [FAILURE] Invalid email address: abc
[2026-07-31 09:03:13] [SUCCESS] New menu launch email sent to customer@hungryhub.com | Subject: ✨ Introducing 8 New Gourmet 100% Veg Specialties at HungryHub! | Message-ID: <178546878693.13304.11367148368850403335@vrushtipatel.lan> | SMTP Code: 250 | SMTP Msg: 2.0.0 OK  1785468792 5a478bee46e88-3153e18d9c6sm43006eec.30 - gsmtp
[2026-07-31 09:03:58] [SUCCESS] Booking confirmation email sent to customer@hungryhub.com | Subject: Fine Dining Seating Confirmation - BKTEST_FD_01 | HungryHub
[2026-07-31 09:03:59] [SUCCESS] Booking confirmation email sent to customer@hungryhub.com | Subject: Booking Confirmation - BKTEST54321 | HungryHub
[2026-07-31 09:04:00] [SUCCESS] Booking confirmation email sent to customer@hungryhub.com | Subject: Booking Confirmation - BKTEST12345 | HungryHub
[2026-07-31 09:07:31] [SUCCESS] Booking confirmation email sent to customer@hungryhub.com | Subject: Fine Dining Seating Confirmation - BKTEST_FD_01 | HungryHub
[2026-07-31 09:07:32] [SUCCESS] Booking confirmation email sent to customer@hungryhub.com | Subject: Booking Confirmation - BKTEST54321 | HungryHub
[2026-07-31 09:07:32] [SUCCESS] Booking confirmation email sent to customer@hungryhub.com | Subject: Booking Confirmation - BKTEST12345 | HungryHub
[2026-07-31 09:08:08] [SUCCESS] Booking confirmation email sent to customer@hungryhub.com | Subject: Fine Dining Seating Confirmation - BKTEST_FD_01 | HungryHub
[2026-07-31 09:08:09] [SUCCESS] Booking confirmation email sent to customer@hungryhub.com | Subject: Booking Confirmation - BKTEST54321 | HungryHub
[2026-07-31 09:08:10] [SUCCESS] Booking confirmation email sent to customer@hungryhub.com | Subject: Booking Confirmation - BKTEST12345 | HungryHub
[2026-07-31 09:14:11] [SUCCESS] Booking confirmation email sent to vrutichapadia10@gmail.com | Subject: Fine Dining Seating Confirmation - BK202607301306 | HungryHub
[2026-07-31 09:17:41] [SUCCESS] Booking confirmation email sent to vrutichapadia10@gmail.com | Subject: Fine Dining Seating Confirmation - BK202607301306 | HungryHub
[2026-07-31 09:18:08] [SUCCESS] Booking confirmation email sent to vrushtipatel545@gmail.com | Subject: Booking Confirmation - BK202607303295 | HungryHub
[2026-07-31 09:18:28] [SUCCESS] Booking confirmation email sent to vrushtipatel545@gmail.com | Subject: Booking Confirmation - BK202607303295 | HungryHub
[2026-07-31 20:55:26] [FAILURE] SMTP Error: [Errno 11001] getaddrinfo failed
[2026-07-31 20:55:26] [FAILURE] SMTP Error: [Errno 11001] getaddrinfo failed
[2026-07-31 20:55:26] [FAILURE] SMTP Error: [Errno 11001] getaddrinfo failed
[2026-07-31 20:55:26] [FAILURE] SMTP Error: [Errno 11001] getaddrinfo failed
[2026-07-31 20:55:26] [FAILURE] SMTP Error: [Errno 11001] getaddrinfo failed
[2026-07-31 20:55:26] [FAILURE] SMTP Error: [Errno 11001] getaddrinfo failed
[2026-07-31 20:55:26] [FAILURE] SMTP Error: [Errno 11001] getaddrinfo failed
[2026-07-31 20:55:26] [FAILURE] SMTP Error: [Errno 11001] getaddrinfo failed
[2026-08-06 19:58:39] [SUCCESS] Booking confirmation email sent to vrushtipatel545@gmail.com | Subject: Booking Confirmation - BK202608066042 | HungryHub
[2026-08-06 20:08:42] [SUCCESS] Booking confirmation email sent to vrutichapadia10@gmail.com | Subject: Fine Dining Seating Confirmation - BK202607301306 | HungryHub
[2026-08-06 20:26:43] [SUCCESS] Booking confirmation email sent to vrutichapadia10@gmail.com | Subject: Fine Dining Seating Confirmation - BK202608064012 | HungryHub
[2026-08-06 20:28:00] [SUCCESS] New menu launch email sent to vrunda@gmail.com | Subject: ✨ Introducing 8 New Gourmet 100% Veg Specialties at HungryHub! | Message-ID: <178602824062.1796.394086239130353331@vrushtipatel.lan> | SMTP Code: 250 | SMTP Msg: 2.0.0 OK  1786028277 5a478bee46e88-315a8179ee5sm8758978eec.18 - gsmtp
[2026-08-06 20:28:02] [SUCCESS] New menu launch email sent to mahiprajapati705@gmail.com | Subject: ✨ Introducing 8 New Gourmet 100% Veg Specialties at HungryHub! | Message-ID: <178602824063.1796.10848390495459787899@vrushtipatel.lan> | SMTP Code: 250 | SMTP Msg: 2.0.0 OK  1786028277 a92af1059eb24-13fca8df88csm22691066c88.11 - gsmtp
[2026-08-06 20:28:05] [SUCCESS] New menu launch email sent to nandani@gmail.com | Subject: ✨ Introducing 8 New Gourmet 100% Veg Specialties at HungryHub! | Message-ID: <178602824062.1796.8872885924583108375@vrushtipatel.lan> | SMTP Code: 250 | SMTP Msg: 2.0.0 OK  1786028278 5a478bee46e88-31586777bcfsm42639646eec.21 - gsmtp
[2026-08-06 20:28:05] [SUCCESS] New menu launch email sent to vruti607@gmail.com | Subject: ✨ Introducing 8 New Gourmet 100% Veg Specialties at HungryHub! | Message-ID: <178602824064.1796.11942327566207941986@vrushtipatel.lan> | SMTP Code: 250 | SMTP Msg: 2.0.0 OK  1786028280 5a478bee46e88-315a1e0b5cesm13746307eec.5 - gsmtp
[2026-08-06 20:28:05] [SUCCESS] New menu launch email sent to vrutichapadia10@gmail.com | Subject: ✨ Introducing 8 New Gourmet 100% Veg Specialties at HungryHub! | Message-ID: <178602824063.1796.3820112872238728374@vrushtipatel.lan> | SMTP Code: 250 | SMTP Msg: 2.0.0 OK  1786028278 a92af1059eb24-13fca9111b6sm25153731c88.13 - gsmtp
[2026-08-06 20:28:05] [SUCCESS] New menu launch email sent to dhruvghevariya2007@gmail.com | Subject: ✨ Introducing 8 New Gourmet 100% Veg Specialties at HungryHub! | Message-ID: <178602824064.1796.5071217153473867102@vrushtipatel.lan> | SMTP Code: 250 | SMTP Msg: 2.0.0 OK  1786028280 a92af1059eb24-13fca8df89asm45322428c88.9 - gsmtp
[2026-08-06 20:28:05] [SUCCESS] New menu launch email sent to customer@hungryhub.com | Subject: ✨ Introducing 8 New Gourmet 100% Veg Specialties at HungryHub! | Message-ID: <178602824061.1796.15511533417740613897@vrushtipatel.lan> | SMTP Code: 250 | SMTP Msg: 2.0.0 OK  1786028279 5a478bee46e88-31586401627sm34615548eec.10 - gsmtp
[2026-08-06 20:28:18] [SUCCESS] New menu launch email sent to vrushtipatel545@gmail.com | Subject: ✨ Introducing 8 New Gourmet 100% Veg Specialties at HungryHub! | Message-ID: <178602824063.1796.2447959660698905430@vrushtipatel.lan> | SMTP Code: 250 | SMTP Msg: 2.0.0 OK  1786028276 5a478bee46e88-315867d4929sm29954380eec.30 - gsmtp
[2026-08-06 20:38:45] [FAILURE] SMTP Error: [Errno 11001] getaddrinfo failed
[2026-08-06 20:43:11] [SUCCESS] Booking confirmation email sent to vrushtipatel545@gmail.com | Subject: Booking Confirmation - BK202608065874 | HungryHub
[2026-08-07 08:49:09] [FAILURE] SMTP Error: [Errno 11001] getaddrinfo failed
[2026-08-07 08:54:49] [SUCCESS] New menu launch email sent to vruti607@gmail.com | Subject: ✨ Introducing 8 New Gourmet 100% Veg Specialties at HungryHub! | Message-ID: <178607308212.8848.6321016691894180565@vrushtipatel> | SMTP Code: 250 | SMTP Msg: 2.0.0 OK  1786073088 5a478bee46e88-315beb87d3bsm1994639eec.14 - gsmtp
[2026-08-07 08:54:49] [SUCCESS] New menu launch email sent to vrushtipatel545@gmail.com | Subject: ✨ Introducing 8 New Gourmet 100% Veg Specialties at HungryHub! | Message-ID: <178607308211.8848.7810364900013177921@vrushtipatel> | SMTP Code: 250 | SMTP Msg: 2.0.0 OK  1786073089 5a478bee46e88-315beb877b4sm2117532eec.19 - gsmtp
[2026-08-07 08:54:49] [SUCCESS] New menu launch email sent to dhruvghevariya2007@gmail.com | Subject: ✨ Introducing 8 New Gourmet 100% Veg Specialties at HungryHub! | Message-ID: <178607308212.8848.13700251319177336339@vrushtipatel> | SMTP Code: 250 | SMTP Msg: 2.0.0 OK  1786073089 5a478bee46e88-315bec68468sm2019193eec.31 - gsmtp
[2026-08-07 08:54:49] [SUCCESS] New menu launch email sent to mahiprajapati705@gmail.com | Subject: ✨ Introducing 8 New Gourmet 100% Veg Specialties at HungryHub! | Message-ID: <178607308211.8848.8963514769458738714@vrushtipatel> | SMTP Code: 250 | SMTP Msg: 2.0.0 OK  1786073089 a92af1059eb24-14101a5ee91sm2295139c88.11 - gsmtp
[2026-08-07 08:54:50] [SUCCESS] New menu launch email sent to customer@hungryhub.com | Subject: ✨ Introducing 8 New Gourmet 100% Veg Specialties at HungryHub! | Message-ID: <178607308209.8848.14086638456062024254@vrushtipatel> | SMTP Code: 250 | SMTP Msg: 2.0.0 OK  1786073089 5a478bee46e88-315be86d3fcsm1991446eec.4 - gsmtp
[2026-08-07 08:54:50] [SUCCESS] New menu launch email sent to nandani@gmail.com | Subject: ✨ Introducing 8 New Gourmet 100% Veg Specialties at HungryHub! | Message-ID: <178607308210.8848.13881577803561990480@vrushtipatel> | SMTP Code: 250 | SMTP Msg: 2.0.0 OK  1786073089 5a478bee46e88-315bebde353sm1952878eec.23 - gsmtp
[2026-08-07 08:54:50] [SUCCESS] New menu launch email sent to vrutichapadia10@gmail.com | Subject: ✨ Introducing 8 New Gourmet 100% Veg Specialties at HungryHub! | Message-ID: <178607308211.8848.5220300171328780636@vrushtipatel> | SMTP Code: 250 | SMTP Msg: 2.0.0 OK  1786073090 5a478bee46e88-315bebee8d0sm1768105eec.24 - gsmtp
[2026-08-07 08:54:51] [SUCCESS] New menu launch email sent to vrunda@gmail.com | Subject: ✨ Introducing 8 New Gourmet 100% Veg Specialties at HungryHub! | Message-ID: <178607308210.8848.13681154720031671327@vrushtipatel> | SMTP Code: 250 | SMTP Msg: 2.0.0 OK  1786073091 5a478bee46e88-315beb88413sm2545311eec.18 - gsmtp
[2026-08-07 14:01:10] [SUCCESS] Booking confirmation email sent to vrushtipatel545@gmail.com | Subject: Fine Dining Seating Confirmation - BK202608073855 | HungryHub
[2026-08-07 14:03:38] [SUCCESS] New menu launch email sent to nandani@gmail.com | Subject: ✨ Introducing 8 New Gourmet 100% Veg Specialties at HungryHub! | Message-ID: <178609159256.13220.18154777338481920030@vrushtipatel> | SMTP Code: 250 | SMTP Msg: 2.0.0 OK  1786091618 5a478bee46e88-315beb88413sm7261800eec.18 - gsmtp
[2026-08-07 14:03:38] [SUCCESS] New menu launch email sent to vrutichapadia10@gmail.com | Subject: ✨ Introducing 8 New Gourmet 100% Veg Specialties at HungryHub! | Message-ID: <178609159257.13220.1264106702911135446@vrushtipatel> | SMTP Code: 250 | SMTP Msg: 2.0.0 OK  1786091618 5a478bee46e88-315bec26a46sm4817037eec.27 - gsmtp
[2026-08-07 14:03:38] [SUCCESS] New menu launch email sent to mahiprajapati705@gmail.com | Subject: ✨ Introducing 8 New Gourmet 100% Veg Specialties at HungryHub! | Message-ID: <178609159257.13220.12126124317171904321@vrushtipatel> | SMTP Code: 250 | SMTP Msg: 2.0.0 OK  1786091618 5a478bee46e88-315bec128a0sm5495805eec.25 - gsmtp
[2026-08-07 14:03:39] [SUCCESS] New menu launch email sent to customer@hungryhub.com | Subject: ✨ Introducing 8 New Gourmet 100% Veg Specialties at HungryHub! | Message-ID: <178609159255.13220.5541066309843359598@vrushtipatel> | SMTP Code: 250 | SMTP Msg: 2.0.0 OK  1786091619 5a478bee46e88-315bec5aac2sm5042903eec.30 - gsmtp
[2026-08-07 14:03:39] [SUCCESS] New menu launch email sent to vruti607@gmail.com | Subject: ✨ Introducing 8 New Gourmet 100% Veg Specialties at HungryHub! | Message-ID: <178609159258.13220.10448121262303725045@vrushtipatel> | SMTP Code: 250 | SMTP Msg: 2.0.0 OK  1786091619 5a478bee46e88-315be86d3fcsm5043219eec.4 - gsmtp
[2026-08-07 14:03:39] [SUCCESS] New menu launch email sent to vrushtipatel545@gmail.com | Subject: ✨ Introducing 8 New Gourmet 100% Veg Specialties at HungryHub! | Message-ID: <178609159257.13220.6645302587756174611@vrushtipatel> | SMTP Code: 250 | SMTP Msg: 2.0.0 OK  1786091619 5a478bee46e88-315be568bd3sm4864517eec.0 - gsmtp
[2026-08-07 14:03:39] [SUCCESS] New menu launch email sent to dhruvghevariya2007@gmail.com | Subject: ✨ Introducing 8 New Gourmet 100% Veg Specialties at HungryHub! | Message-ID: <178609159258.13220.4067500514361066211@vrushtipatel> | SMTP Code: 250 | SMTP Msg: 2.0.0 OK  1786091619 a92af1059eb24-141019a0528sm5015853c88.1 - gsmtp
[2026-08-07 14:03:40] [SUCCESS] New menu launch email sent to vrunda@gmail.com | Subject: ✨ Introducing 8 New Gourmet 100% Veg Specialties at HungryHub! | Message-ID: <178609159256.13220.15974064102046945594@vrushtipatel> | SMTP Code: 250 | SMTP Msg: 2.0.0 OK  1786091620 a92af1059eb24-141018f18d6sm5416431c88.0 - gsmtp
[2026-08-07 14:05:32] [SUCCESS] Booking confirmation email sent to vrushtipatel545@gmail.com | Subject: Fine Dining Seating Confirmation - BK202608073855 | HungryHub
